// Jest Snapshot v1, https://goo.gl/fbAQLP

exports[`DataPuddleStackSnapshotTest 1`] = `
Object {
  "Parameters": Object {
    "BootstrapVersion": Object {
      "Default": "/cdk-bootstrap/hnb659fds/version",
      "Description": "Version of the CDK Bootstrap resources in this environment, automatically retrieved from SSM Parameter Store. [cdk:skip]",
      "Type": "AWS::SSM::Parameter::Value<String>",
    },
  },
  "Resources": Object {
    "BucketNotificationsHandler050a0587b7544547bf325f094a3db8347ECC3691": Object {
      "DependsOn": Array [
        "BucketNotificationsHandler050a0587b7544547bf325f094a3db834RoleDefaultPolicy2CF63D36",
        "BucketNotificationsHandler050a0587b7544547bf325f094a3db834RoleB6FB88EC",
      ],
      "Properties": Object {
        "Code": Object {
          "ZipFile": "import boto3  # type: ignore
import json
import logging
import urllib.request

s3 = boto3.client(\\"s3\\")

EVENTBRIDGE_CONFIGURATION = 'EventBridgeConfiguration'

CONFIGURATION_TYPES = [\\"TopicConfigurations\\", \\"QueueConfigurations\\", \\"LambdaFunctionConfigurations\\"]

def handler(event: dict, context):
  response_status = \\"SUCCESS\\"
  error_message = \\"\\"
  try:
    props = event[\\"ResourceProperties\\"]
    bucket = props[\\"BucketName\\"]
    notification_configuration = props[\\"NotificationConfiguration\\"]
    request_type = event[\\"RequestType\\"]
    managed = props.get('Managed', 'true').lower() == 'true'
    stack_id = event['StackId']

    if managed:
      config = handle_managed(request_type, notification_configuration)
    else:
      config = handle_unmanaged(bucket, stack_id, request_type, notification_configuration)

    put_bucket_notification_configuration(bucket, config)
  except Exception as e:
    logging.exception(\\"Failed to put bucket notification configuration\\")
    response_status = \\"FAILED\\"
    error_message = f\\"Error: {str(e)}. \\"
  finally:
    submit_response(event, context, response_status, error_message)

def handle_managed(request_type, notification_configuration):
  if request_type == 'Delete':
    return {}
  return notification_configuration

def handle_unmanaged(bucket, stack_id, request_type, notification_configuration):
  external_notifications = find_external_notifications(bucket, stack_id)

  if request_type == 'Delete':
    return external_notifications

  def with_id(notification):
    notification['Id'] = f\\"{stack_id}-{hash(json.dumps(notification, sort_keys=True))}\\"
    return notification

  notifications = {}
  for t in CONFIGURATION_TYPES:
    external = external_notifications.get(t, [])
    incoming = [with_id(n) for n in notification_configuration.get(t, [])]
    notifications[t] = external + incoming

  if EVENTBRIDGE_CONFIGURATION in notification_configuration:
    notifications[EVENTBRIDGE_CONFIGURATION] = notification_configuration[EVENTBRIDGE_CONFIGURATION]
  elif EVENTBRIDGE_CONFIGURATION in external_notifications:
    notifications[EVENTBRIDGE_CONFIGURATION] = external_notifications[EVENTBRIDGE_CONFIGURATION]

  return notifications

def find_external_notifications(bucket, stack_id):
  existing_notifications = get_bucket_notification_configuration(bucket)
  external_notifications = {}
  for t in CONFIGURATION_TYPES:
    external_notifications[t] = [n for n in existing_notifications.get(t, []) if not n['Id'].startswith(f\\"{stack_id}-\\")]

  if EVENTBRIDGE_CONFIGURATION in existing_notifications:
    external_notifications[EVENTBRIDGE_CONFIGURATION] = existing_notifications[EVENTBRIDGE_CONFIGURATION]

  return external_notifications

def get_bucket_notification_configuration(bucket):
  return s3.get_bucket_notification_configuration(Bucket=bucket)

def put_bucket_notification_configuration(bucket, notification_configuration):
  s3.put_bucket_notification_configuration(Bucket=bucket, NotificationConfiguration=notification_configuration)

def submit_response(event: dict, context, response_status: str, error_message: str):
  response_body = json.dumps(
    {
      \\"Status\\": response_status,
      \\"Reason\\": f\\"{error_message}See the details in CloudWatch Log Stream: {context.log_stream_name}\\",
      \\"PhysicalResourceId\\": event.get(\\"PhysicalResourceId\\") or event[\\"LogicalResourceId\\"],
      \\"StackId\\": event[\\"StackId\\"],
      \\"RequestId\\": event[\\"RequestId\\"],
      \\"LogicalResourceId\\": event[\\"LogicalResourceId\\"],
      \\"NoEcho\\": False,
    }
  ).encode(\\"utf-8\\")
  headers = {\\"content-type\\": \\"\\", \\"content-length\\": str(len(response_body))}
  try:
    req = urllib.request.Request(url=event[\\"ResponseURL\\"], headers=headers, data=response_body, method=\\"PUT\\")
    with urllib.request.urlopen(req) as response:
      print(response.read().decode(\\"utf-8\\"))
    print(\\"Status code: \\" + response.reason)
  except Exception as e:
      print(\\"send(..) failed executing request.urlopen(..): \\" + str(e))
",
        },
        "Description": "AWS CloudFormation handler for \\"Custom::S3BucketNotifications\\" resources (@aws-cdk/aws-s3)",
        "Handler": "index.handler",
        "Role": Object {
          "Fn::GetAtt": Array [
            "BucketNotificationsHandler050a0587b7544547bf325f094a3db834RoleB6FB88EC",
            "Arn",
          ],
        },
        "Runtime": "python3.9",
        "Timeout": 300,
      },
      "Type": "AWS::Lambda::Function",
    },
    "BucketNotificationsHandler050a0587b7544547bf325f094a3db834RoleB6FB88EC": Object {
      "Properties": Object {
        "AssumeRolePolicyDocument": Object {
          "Statement": Array [
            Object {
              "Action": "sts:AssumeRole",
              "Effect": "Allow",
              "Principal": Object {
                "Service": "lambda.amazonaws.com",
              },
            },
          ],
          "Version": "2012-10-17",
        },
        "ManagedPolicyArns": Array [
          Object {
            "Fn::Join": Array [
              "",
              Array [
                "arn:",
                Object {
                  "Ref": "AWS::Partition",
                },
                ":iam::aws:policy/service-role/AWSLambdaBasicExecutionRole",
              ],
            ],
          },
        ],
      },
      "Type": "AWS::IAM::Role",
    },
    "BucketNotificationsHandler050a0587b7544547bf325f094a3db834RoleDefaultPolicy2CF63D36": Object {
      "Properties": Object {
        "PolicyDocument": Object {
          "Statement": Array [
            Object {
              "Action": "s3:PutBucketNotification",
              "Effect": "Allow",
              "Resource": "*",
            },
          ],
          "Version": "2012-10-17",
        },
        "PolicyName": "BucketNotificationsHandler050a0587b7544547bf325f094a3db834RoleDefaultPolicy2CF63D36",
        "Roles": Array [
          Object {
            "Ref": "BucketNotificationsHandler050a0587b7544547bf325f094a3db834RoleB6FB88EC",
          },
        ],
      },
      "Type": "AWS::IAM::Policy",
    },
    "CrmRawBucketAllowBucketNotificationsToDataPuddleStackProvideTicketData9238688350AECAE5": Object {
      "Properties": Object {
        "Action": "lambda:InvokeFunction",
        "FunctionName": Object {
          "Fn::GetAtt": Array [
            "ProvideTicketData31A1CCA1",
            "Arn",
          ],
        },
        "Principal": "s3.amazonaws.com",
        "SourceAccount": Object {
          "Ref": "AWS::AccountId",
        },
        "SourceArn": Object {
          "Fn::GetAtt": Array [
            "CrmRawBucketB71A2A8A",
            "Arn",
          ],
        },
      },
      "Type": "AWS::Lambda::Permission",
    },
    "CrmRawBucketAutoDeleteObjectsCustomResourceAD021E60": Object {
      "DeletionPolicy": "Delete",
      "DependsOn": Array [
        "CrmRawBucketPolicy8DFD4AAA",
      ],
      "Properties": Object {
        "BucketName": Object {
          "Ref": "CrmRawBucketB71A2A8A",
        },
        "ServiceToken": Object {
          "Fn::GetAtt": Array [
            "CustomS3AutoDeleteObjectsCustomResourceProviderHandler9D90184F",
            "Arn",
          ],
        },
      },
      "Type": "Custom::S3AutoDeleteObjects",
      "UpdateReplacePolicy": "Delete",
    },
    "CrmRawBucketB71A2A8A": Object {
      "DeletionPolicy": "Delete",
      "Properties": Object {
        "BucketEncryption": Object {
          "ServerSideEncryptionConfiguration": Array [
            Object {
              "ServerSideEncryptionByDefault": Object {
                "SSEAlgorithm": "aws:kms",
              },
            },
          ],
        },
        "BucketName": "torenken-808-data-puddle-crm-raw-bucket",
        "PublicAccessBlockConfiguration": Object {
          "BlockPublicAcls": true,
          "BlockPublicPolicy": true,
          "IgnorePublicAcls": true,
          "RestrictPublicBuckets": true,
        },
        "Tags": Array [
          Object {
            "Key": "aws-cdk:auto-delete-objects",
            "Value": "true",
          },
        ],
      },
      "Type": "AWS::S3::Bucket",
      "UpdateReplacePolicy": "Delete",
    },
    "CrmRawBucketNotifications357DA91D": Object {
      "DependsOn": Array [
        "CrmRawBucketAllowBucketNotificationsToDataPuddleStackProvideTicketData9238688350AECAE5",
      ],
      "Properties": Object {
        "BucketName": Object {
          "Ref": "CrmRawBucketB71A2A8A",
        },
        "Managed": true,
        "NotificationConfiguration": Object {
          "LambdaFunctionConfigurations": Array [
            Object {
              "Events": Array [
                "s3:ObjectCreated:*",
              ],
              "LambdaFunctionArn": Object {
                "Fn::GetAtt": Array [
                  "ProvideTicketData31A1CCA1",
                  "Arn",
                ],
              },
            },
          ],
        },
        "ServiceToken": Object {
          "Fn::GetAtt": Array [
            "BucketNotificationsHandler050a0587b7544547bf325f094a3db8347ECC3691",
            "Arn",
          ],
        },
      },
      "Type": "Custom::S3BucketNotifications",
    },
    "CrmRawBucketPolicy8DFD4AAA": Object {
      "Properties": Object {
        "Bucket": Object {
          "Ref": "CrmRawBucketB71A2A8A",
        },
        "PolicyDocument": Object {
          "Statement": Array [
            Object {
              "Action": Array [
                "s3:GetBucket*",
                "s3:List*",
                "s3:DeleteObject*",
              ],
              "Effect": "Allow",
              "Principal": Object {
                "AWS": Object {
                  "Fn::GetAtt": Array [
                    "CustomS3AutoDeleteObjectsCustomResourceProviderRole3B1BD092",
                    "Arn",
                  ],
                },
              },
              "Resource": Array [
                Object {
                  "Fn::GetAtt": Array [
                    "CrmRawBucketB71A2A8A",
                    "Arn",
                  ],
                },
                Object {
                  "Fn::Join": Array [
                    "",
                    Array [
                      Object {
                        "Fn::GetAtt": Array [
                          "CrmRawBucketB71A2A8A",
                          "Arn",
                        ],
                      },
                      "/*",
                    ],
                  ],
                },
              ],
            },
          ],
          "Version": "2012-10-17",
        },
      },
      "Type": "AWS::S3::BucketPolicy",
    },
    "CustomS3AutoDeleteObjectsCustomResourceProviderHandler9D90184F": Object {
      "DependsOn": Array [
        "CustomS3AutoDeleteObjectsCustomResourceProviderRole3B1BD092",
      ],
      "Properties": Object {
        "Code": Object {
          "S3Bucket": Object {
            "Fn::Sub": "cdk-hnb659fds-assets-\${AWS::AccountId}-\${AWS::Region}",
          },
          "S3Key": "350185a1069fa20a23a583e20c77f6844218bd73097902362dc94f1a108f5d89.zip",
        },
        "Description": Object {
          "Fn::Join": Array [
            "",
            Array [
              "Lambda function for auto-deleting objects in ",
              Object {
                "Ref": "CrmRawBucketB71A2A8A",
              },
              " S3 bucket.",
            ],
          ],
        },
        "Handler": "__entrypoint__.handler",
        "MemorySize": 128,
        "Role": Object {
          "Fn::GetAtt": Array [
            "CustomS3AutoDeleteObjectsCustomResourceProviderRole3B1BD092",
            "Arn",
          ],
        },
        "Runtime": "nodejs14.x",
        "Timeout": 900,
      },
      "Type": "AWS::Lambda::Function",
    },
    "CustomS3AutoDeleteObjectsCustomResourceProviderRole3B1BD092": Object {
      "Properties": Object {
        "AssumeRolePolicyDocument": Object {
          "Statement": Array [
            Object {
              "Action": "sts:AssumeRole",
              "Effect": "Allow",
              "Principal": Object {
                "Service": "lambda.amazonaws.com",
              },
            },
          ],
          "Version": "2012-10-17",
        },
        "ManagedPolicyArns": Array [
          Object {
            "Fn::Sub": "arn:\${AWS::Partition}:iam::aws:policy/service-role/AWSLambdaBasicExecutionRole",
          },
        ],
      },
      "Type": "AWS::IAM::Role",
    },
    "DataPuddleSecretECC83D0A": Object {
      "DeletionPolicy": "Delete",
      "Properties": Object {
        "SecretString": "{\\"encryption_key\\":\\"P\\\\u0016m\`:)Q3\\\\\\\\U^_\\\\u0001t\\\\u0011isbkm\\\\\\"iNX\\\\t:U\\\\u0010D0/E\\"}",
      },
      "Type": "AWS::SecretsManager::Secret",
      "UpdateReplacePolicy": "Delete",
    },
    "LogRetentionaae0aa3c5b4d4f87b02d85b201efdd8aFD4BFC8A": Object {
      "DependsOn": Array [
        "LogRetentionaae0aa3c5b4d4f87b02d85b201efdd8aServiceRoleDefaultPolicyADDA7DEB",
        "LogRetentionaae0aa3c5b4d4f87b02d85b201efdd8aServiceRole9741ECFB",
      ],
      "Properties": Object {
        "Code": Object {
          "S3Bucket": Object {
            "Fn::Sub": "cdk-hnb659fds-assets-\${AWS::AccountId}-\${AWS::Region}",
          },
          "S3Key": "5fa1330271b8967d9254ba2d4a07144f8acefe8b77e6d6bba38261373a50d5f8.zip",
        },
        "Handler": "index.handler",
        "Role": Object {
          "Fn::GetAtt": Array [
            "LogRetentionaae0aa3c5b4d4f87b02d85b201efdd8aServiceRole9741ECFB",
            "Arn",
          ],
        },
        "Runtime": "nodejs14.x",
      },
      "Type": "AWS::Lambda::Function",
    },
    "LogRetentionaae0aa3c5b4d4f87b02d85b201efdd8aServiceRole9741ECFB": Object {
      "Properties": Object {
        "AssumeRolePolicyDocument": Object {
          "Statement": Array [
            Object {
              "Action": "sts:AssumeRole",
              "Effect": "Allow",
              "Principal": Object {
                "Service": "lambda.amazonaws.com",
              },
            },
          ],
          "Version": "2012-10-17",
        },
        "ManagedPolicyArns": Array [
          Object {
            "Fn::Join": Array [
              "",
              Array [
                "arn:",
                Object {
                  "Ref": "AWS::Partition",
                },
                ":iam::aws:policy/service-role/AWSLambdaBasicExecutionRole",
              ],
            ],
          },
        ],
      },
      "Type": "AWS::IAM::Role",
    },
    "LogRetentionaae0aa3c5b4d4f87b02d85b201efdd8aServiceRoleDefaultPolicyADDA7DEB": Object {
      "Properties": Object {
        "PolicyDocument": Object {
          "Statement": Array [
            Object {
              "Action": Array [
                "logs:PutRetentionPolicy",
                "logs:DeleteRetentionPolicy",
              ],
              "Effect": "Allow",
              "Resource": "*",
            },
          ],
          "Version": "2012-10-17",
        },
        "PolicyName": "LogRetentionaae0aa3c5b4d4f87b02d85b201efdd8aServiceRoleDefaultPolicyADDA7DEB",
        "Roles": Array [
          Object {
            "Ref": "LogRetentionaae0aa3c5b4d4f87b02d85b201efdd8aServiceRole9741ECFB",
          },
        ],
      },
      "Type": "AWS::IAM::Policy",
    },
    "ProvideTicketData31A1CCA1": Object {
      "DependsOn": Array [
        "ProvideTicketDataServiceRoleDefaultPolicy955DFE27",
        "ProvideTicketDataServiceRole6988794D",
      ],
      "Properties": Object {
        "Architectures": Array [
          "arm64",
        ],
        "Code": Object {
          "S3Bucket": Object {
            "Fn::Sub": "cdk-hnb659fds-assets-\${AWS::AccountId}-\${AWS::Region}",
          },
          "S3Key": "bd708367433659d2a27456d722514ef9dc79319d209306b017f2c03db38ab721.zip",
        },
        "Environment": Object {
          "Variables": Object {
            "CRM_RAW_BUCKET": Object {
              "Ref": "CrmRawBucketB71A2A8A",
            },
            "SECRET_STORE_ARM": Object {
              "Ref": "DataPuddleSecretECC83D0A",
            },
            "TICKET_SYS_OUT_BUCKET": Object {
              "Ref": "TicketOutputBucketD3B5E3FA",
            },
          },
        },
        "FunctionName": "data-puddle-provide-ticket-data",
        "Handler": "bootstrap",
        "MemorySize": 1024,
        "Role": Object {
          "Fn::GetAtt": Array [
            "ProvideTicketDataServiceRole6988794D",
            "Arn",
          ],
        },
        "Runtime": "provided.al2",
      },
      "Type": "AWS::Lambda::Function",
    },
    "ProvideTicketDataLogRetention984045E2": Object {
      "Properties": Object {
        "LogGroupName": Object {
          "Fn::Join": Array [
            "",
            Array [
              "/aws/lambda/",
              Object {
                "Ref": "ProvideTicketData31A1CCA1",
              },
            ],
          ],
        },
        "RetentionInDays": 90,
        "ServiceToken": Object {
          "Fn::GetAtt": Array [
            "LogRetentionaae0aa3c5b4d4f87b02d85b201efdd8aFD4BFC8A",
            "Arn",
          ],
        },
      },
      "Type": "Custom::LogRetention",
    },
    "ProvideTicketDataServiceRole6988794D": Object {
      "Properties": Object {
        "AssumeRolePolicyDocument": Object {
          "Statement": Array [
            Object {
              "Action": "sts:AssumeRole",
              "Effect": "Allow",
              "Principal": Object {
                "Service": "lambda.amazonaws.com",
              },
            },
          ],
          "Version": "2012-10-17",
        },
        "ManagedPolicyArns": Array [
          Object {
            "Fn::Join": Array [
              "",
              Array [
                "arn:",
                Object {
                  "Ref": "AWS::Partition",
                },
                ":iam::aws:policy/service-role/AWSLambdaBasicExecutionRole",
              ],
            ],
          },
        ],
      },
      "Type": "AWS::IAM::Role",
    },
    "ProvideTicketDataServiceRoleDefaultPolicy955DFE27": Object {
      "Properties": Object {
        "PolicyDocument": Object {
          "Statement": Array [
            Object {
              "Action": Array [
                "s3:GetObject*",
                "s3:GetBucket*",
                "s3:List*",
              ],
              "Effect": "Allow",
              "Resource": Array [
                Object {
                  "Fn::GetAtt": Array [
                    "CrmRawBucketB71A2A8A",
                    "Arn",
                  ],
                },
                Object {
                  "Fn::Join": Array [
                    "",
                    Array [
                      Object {
                        "Fn::GetAtt": Array [
                          "CrmRawBucketB71A2A8A",
                          "Arn",
                        ],
                      },
                      "/*",
                    ],
                  ],
                },
              ],
            },
            Object {
              "Action": Array [
                "s3:DeleteObject*",
                "s3:PutObject",
                "s3:PutObjectLegalHold",
                "s3:PutObjectRetention",
                "s3:PutObjectTagging",
                "s3:PutObjectVersionTagging",
                "s3:Abort*",
              ],
              "Effect": "Allow",
              "Resource": Array [
                Object {
                  "Fn::GetAtt": Array [
                    "TicketOutputBucketD3B5E3FA",
                    "Arn",
                  ],
                },
                Object {
                  "Fn::Join": Array [
                    "",
                    Array [
                      Object {
                        "Fn::GetAtt": Array [
                          "TicketOutputBucketD3B5E3FA",
                          "Arn",
                        ],
                      },
                      "/*",
                    ],
                  ],
                },
              ],
            },
          ],
          "Version": "2012-10-17",
        },
        "PolicyName": "ProvideTicketDataServiceRoleDefaultPolicy955DFE27",
        "Roles": Array [
          Object {
            "Ref": "ProvideTicketDataServiceRole6988794D",
          },
        ],
      },
      "Type": "AWS::IAM::Policy",
    },
    "TechnicalNotification33611BF6": Object {
      "Type": "AWS::SNS::Topic",
    },
    "TechnicalNotificationtestexamplecom77EDB6E1": Object {
      "Properties": Object {
        "Endpoint": "test@example.com",
        "Protocol": "email",
        "TopicArn": Object {
          "Ref": "TechnicalNotification33611BF6",
        },
      },
      "Type": "AWS::SNS::Subscription",
    },
    "TicketOutputBucketAutoDeleteObjectsCustomResource164DB626": Object {
      "DeletionPolicy": "Delete",
      "DependsOn": Array [
        "TicketOutputBucketPolicy71764C69",
      ],
      "Properties": Object {
        "BucketName": Object {
          "Ref": "TicketOutputBucketD3B5E3FA",
        },
        "ServiceToken": Object {
          "Fn::GetAtt": Array [
            "CustomS3AutoDeleteObjectsCustomResourceProviderHandler9D90184F",
            "Arn",
          ],
        },
      },
      "Type": "Custom::S3AutoDeleteObjects",
      "UpdateReplacePolicy": "Delete",
    },
    "TicketOutputBucketD3B5E3FA": Object {
      "DeletionPolicy": "Delete",
      "Properties": Object {
        "BucketEncryption": Object {
          "ServerSideEncryptionConfiguration": Array [
            Object {
              "ServerSideEncryptionByDefault": Object {
                "SSEAlgorithm": "aws:kms",
              },
            },
          ],
        },
        "BucketName": "torenken-808-data-puddle-ticket-bucket",
        "PublicAccessBlockConfiguration": Object {
          "BlockPublicAcls": true,
          "BlockPublicPolicy": true,
          "IgnorePublicAcls": true,
          "RestrictPublicBuckets": true,
        },
        "Tags": Array [
          Object {
            "Key": "aws-cdk:auto-delete-objects",
            "Value": "true",
          },
        ],
      },
      "Type": "AWS::S3::Bucket",
      "UpdateReplacePolicy": "Delete",
    },
    "TicketOutputBucketPolicy71764C69": Object {
      "Properties": Object {
        "Bucket": Object {
          "Ref": "TicketOutputBucketD3B5E3FA",
        },
        "PolicyDocument": Object {
          "Statement": Array [
            Object {
              "Action": Array [
                "s3:GetBucket*",
                "s3:List*",
                "s3:DeleteObject*",
              ],
              "Effect": "Allow",
              "Principal": Object {
                "AWS": Object {
                  "Fn::GetAtt": Array [
                    "CustomS3AutoDeleteObjectsCustomResourceProviderRole3B1BD092",
                    "Arn",
                  ],
                },
              },
              "Resource": Array [
                Object {
                  "Fn::GetAtt": Array [
                    "TicketOutputBucketD3B5E3FA",
                    "Arn",
                  ],
                },
                Object {
                  "Fn::Join": Array [
                    "",
                    Array [
                      Object {
                        "Fn::GetAtt": Array [
                          "TicketOutputBucketD3B5E3FA",
                          "Arn",
                        ],
                      },
                      "/*",
                    ],
                  ],
                },
              ],
            },
          ],
          "Version": "2012-10-17",
        },
      },
      "Type": "AWS::S3::BucketPolicy",
    },
  },
  "Rules": Object {
    "CheckBootstrapVersion": Object {
      "Assertions": Array [
        Object {
          "Assert": Object {
            "Fn::Not": Array [
              Object {
                "Fn::Contains": Array [
                  Array [
                    "1",
                    "2",
                    "3",
                    "4",
                    "5",
                  ],
                  Object {
                    "Ref": "BootstrapVersion",
                  },
                ],
              },
            ],
          },
          "AssertDescription": "CDK bootstrap stack version 6 required. Please run 'cdk bootstrap' with a recent version of the CDK CLI.",
        },
      ],
    },
  },
}
`;
